// Jest Snapshot v1, https://goo.gl/fbAQLP

exports[`Auth Screen RENDERING Should match Snapshot 1`] = `ShallowWrapper {}`;
