// Jest Snapshot v1, https://goo.gl/fbAQLP

exports[`Home Screen Should match Snapshot 1`] = `ShallowWrapper {}`;
