// Jest Snapshot v1, https://goo.gl/fbAQLP

exports[`Button Component RENDERING Should match Snapshot 1`] = `ShallowWrapper {}`;
