// Jest Snapshot v1, https://goo.gl/fbAQLP

exports[`Layout Component Should match Snapshot 1`] = `ShallowWrapper {}`;
