// Jest Snapshot v1, https://goo.gl/fbAQLP

exports[`Welcome Screen Rendering Should match Snapshot 1`] = `ShallowWrapper {}`;
