// Jest Snapshot v1, https://goo.gl/fbAQLP

exports[`SocialIcon Should match Snapshot 1`] = `ShallowWrapper {}`;
