// Jest Snapshot v1, https://goo.gl/fbAQLP

exports[`About Us Screen RENDERING Should match Snapshot 1`] = `ShallowWrapper {}`;
